
> open-world-portfolio@0.1.0 build
> tsc -b && vite build

src/features/vehicles/components/VehicleBase.tsx(81,6): error TS1005: ')' expected.
src/features/vehicles/components/VehicleBase.tsx(82,4): error TS1128: Declaration or statement expected.
src/features/vehicles/components/VehicleBase.tsx(82,60): error TS1005: ';' expected.
src/features/vehicles/components/VehicleBase.tsx(193,1): error TS1128: Declaration or statement expected.
